// Vitest Snapshot v1, https://vitest.dev/guide/snapshot.html

exports[`sources page — flag OFF (byte-identity) > open disclosure matches the shipped snapshot; no slot-row DOM anywhere 1`] = `
"<section class="sources-section advanced svelte-1p5i7kz" aria-labelledby="advanced-heading"><button type="button" class="advanced-toggle svelte-1p5i7kz" aria-expanded="true"><span class="advanced-caret svelte-1p5i7kz" aria-hidden="true">▾</span> <span id="advanced-heading" class="section-title svelte-1p5i7kz">Advanced</span> <span class="section-meta svelte-1p5i7kz">Full pipeline control · packs &amp; graphs · per-stage settings</span><!----></button> <div class="advanced-body svelte-1p5i7kz"><p class="advanced-note svelte-1p5i7kz">The guided flow gives you the full pipeline — extract, link, embed, validate,
              remediate, store — plus chunk and embedding knobs. Most sources never need it;
              it's here when you do.</p> <!----> <a class="btn btn-outline btn-sm" href="/keys/dashboard/sources/ingest">Open guided ingest flow →</a><!----> <div class="advanced-packs svelte-1p5i7kz"><div class="section-head svelte-1p5i7kz"><h3 class="section-subtitle svelte-1p5i7kz">Packs &amp; graphs</h3> <!----></div> <a class="btn btn-outline btn-sm" href="/keys/dashboard/graphs">Manage graphs &amp; data store →</a></div></div><!----></section>"
`;
